#
# A fatal error has been detected by the Java Runtime Environment:
#
#  EXCEPTION_ACCESS_VIOLATION (0xc0000005) at pc=0x00007ff8d410f10e, pid=20132, tid=14964
#
# JRE version:  (21.0.1+12) (build )
# Java VM: Java HotSpot(TM) 64-Bit Server VM (21.0.1+12-LTS-29, mixed mode, sharing, tiered, compressed oops, compressed class ptrs, g1 gc, windows-amd64)
# Problematic frame:
# V  [jvm.dll+0x30f10e]
#
# No core dump will be written. Minidumps are not enabled by default on client versions of Windows
#
#

---------------  S U M M A R Y ------------

Command Line: -Xmx16m org.eclipse.jdt.internal.launching.support.LibraryDetector

Host: 11th Gen Intel(R) Core(TM) i5-1135G7 @ 2.40GHz, 8 cores, 15G,  Windows 11 , 64 bit Build 22000 (10.0.22000.2538)
Time: Mon Jun 22 09:32:52 2026 Paris, Madrid elapsed time: 0.131122 seconds (0d 0h 0m 0s)

---------------  T H R E A D  ---------------

Current thread (0x000001dba98d0160):  JavaThread "Unknown thread" [_thread_in_vm, id=14964, stack(0x0000002abd500000,0x0000002abd600000) (1024K)]

Stack: [0x0000002abd500000,0x0000002abd600000],  sp=0x0000002abd5fee50,  free space=1019k
Native frames: (J=compiled Java code, j=interpreted, Vv=VM code, C=native code)
V  [jvm.dll+0x30f10e]
V  [jvm.dll+0x30fa58]
V  [jvm.dll+0x673329]
V  [jvm.dll+0x67355c]
V  [jvm.dll+0x672911]
V  [jvm.dll+0x66e0f8]
V  [jvm.dll+0x81d1c5]
V  [jvm.dll+0x3bb4f1]
V  [jvm.dll+0x805ae8]
V  [jvm.dll+0x44effe]
V  [jvm.dll+0x450901]
C  [jli.dll+0x52a3]
C  [ucrtbase.dll+0x26c0c]
C  [KERNEL32.DLL+0x153e0]
C  [ntdll.dll+0x485b]


siginfo: EXCEPTION_ACCESS_VIOLATION (0xc0000005), reading address 0x0000000000000000


Registers:
RAX=0x0000752f6e4e2de3, RBX=0x0000000000000000, RCX=0x0000000000000000, RDX=0x0000000000000001
RSP=0x0000002abd5fee50, RBP=0x0000000000000001, RSI=0x000001dbbe3b9190, RDI=0x000001dbabbe0df0
R8 =0x0000000000000001, R9 =0x0000000000000001, R10=0x0000000000000000, R11=0x0000000000000246
R12=0x0000000000000000, R13=0x000001dba98b76a0, R14=0x0000000000000001, R15=0x000001dbbe000000
RIP=0x00007ff8d410f10e, EFLAGS=0x0000000000010246


Top of Stack: (sp=0x0000002abd5fee50)
0x0000002abd5fee50:   0000000000000001 0000000000000001
0x0000002abd5fee60:   0000000000000058 0000000000000000
0x0000002abd5fee70:   000001dbbe480000 00007ff8d410d42a
0x0000002abd5fee80:   000001dbabbe3b90 000001d3be000000
0x0000002abd5fee90:   0000752f6e4e2e73 000001dbabbe0df0
0x0000002abd5feea0:   0000752f6e4e2de3 0000002abd5ff0e0
0x0000002abd5feeb0:   000001dbabbe0df0 00007ff8d410fa58
0x0000002abd5feec0:   000001d3be000000 0000000000000000
0x0000002abd5feed0:   0000000000000000 0000000000000000
0x0000002abd5feee0:   0000002abd5fef68 00007ff8d446ecd4
0x0000002abd5feef0:   0000000000000000 00007ff8d410ee3e
0x0000002abd5fef00:   0000000000000000 0000002abd5fefb0
0x0000002abd5fef10:   0000000000000000 000001dbbe000000
0x0000002abd5fef20:   0000752f6e4e2d73 000001dba98b76a0
0x0000002abd5fef30:   0000000000000000 00007ff8d44852f0
0x0000002abd5fef40:   0000000000000000 000001dbabbe0df0
0x0000002abd5fef50:   0000002abd5ff0e0 00007ff8d4473329
0x0000002abd5fef60:   0000000000000002 00007ff8d49c72f0
0x0000002abd5fef70:   0000000040000000 000001dbabbe0df0
0x0000002abd5fef80:   0000002abd5fef90 0000000000001000
0x0000002abd5fef90:   000001dbbe000000 0000000001000000
0x0000002abd5fefa0:   0000000000000000 0000000000010000
0x0000002abd5fefb0:   0000000000001000 ffffffffabbe3800
0x0000002abd5fefc0:   000001dba98a0000 000001dbabbe0df0
0x0000002abd5fefd0:   0000000000000000 00007ff8d447355c
0x0000002abd5fefe0:   0000000000000000 0000000001000000
0x0000002abd5feff0:   000001dbabbe3d01 00007ff8d410c9ea
0x0000002abd5ff000:   0000002abd5ff010 0000002abd5ff048
0x0000002abd5ff010:   000001dbbe000000 0000000001000000
0x0000002abd5ff020:   0000000000000000 0000000000010000
0x0000002abd5ff030:   0000000000001000 ffffffffabbe3800
0x0000002abd5ff040:   000001dba98a0000 000001dbbf000000 

Instructions: (pc=0x00007ff8d410f10e)
0x00007ff8d410f00e:   e8 5d 59 db ff 48 8b 05 b6 3b 90 00 48 85 c0 74
0x00007ff8d410f01e:   1b 44 0f b6 83 a9 01 00 00 48 8d 0d 42 e0 6b 00
0x00007ff8d410f02e:   0f b6 93 a8 01 00 00 e8 66 0b db ff 0f b6 05 3f
0x00007ff8d410f03e:   34 91 00 38 83 a8 01 00 00 75 67 0f b6 05 ce c4
0x00007ff8d410f04e:   8a 00 38 83 a9 01 00 00 75 58 80 bb 01 03 00 00
0x00007ff8d410f05e:   00 75 1f 48 8b 05 68 3b 90 00 c6 05 31 82 8b 00
0x00007ff8d410f06e:   00 48 85 c0 74 0c 48 8d 0d f5 e0 6b 00 e8 20 0b
0x00007ff8d410f07e:   db ff 80 bb 02 03 00 00 00 75 1f 48 8b 05 40 3b
0x00007ff8d410f08e:   90 00 c6 05 0a 82 8b 00 00 48 85 c0 74 0c 48 8d
0x00007ff8d410f09e:   0d 3d e1 6b 00 e8 f8 0a db ff b0 01 48 83 c4 20
0x00007ff8d410f0ae:   5b c3 48 8b 05 19 3b 90 00 48 85 c0 74 0c 48 8d
0x00007ff8d410f0be:   0d 0d e0 6b 00 e8 d8 0a db ff 32 c0 48 83 c4 20
0x00007ff8d410f0ce:   5b c3 48 89 5c 24 10 48 89 6c 24 18 48 89 74 24
0x00007ff8d410f0de:   20 57 48 83 ec 60 48 8b 05 55 58 8d 00 48 33 c4
0x00007ff8d410f0ee:   48 89 44 24 50 80 3d b6 bf 8a 00 00 0f b6 ea 48
0x00007ff8d410f0fe:   8b f1 74 17 80 39 00 75 12 48 8b 0d 72 81 90 00
0x00007ff8d410f10e:   48 8b 01 ff 50 20 48 8b d8 eb 08 48 8b 59 18 48
0x00007ff8d410f11e:   83 c3 04 48 8b 05 58 82 90 00 40 b7 01 48 85 c0
0x00007ff8d410f12e:   74 0f 48 8b d3 48 8d 0d 3e c9 6b 00 e8 c1 e6 f0
0x00007ff8d410f13e:   ff 48 8d 54 24 20 48 8b cb e8 94 83 3b 00 85 c0
0x00007ff8d410f14e:   74 28 40 84 ed 74 23 48 8b 05 7c 3a 90 00 48 85
0x00007ff8d410f15e:   c0 74 47 48 8b d3 48 8d 0d 35 c9 6b 00 e8 00 58
0x00007ff8d410f16e:   db ff 40 32 ff e9 12 01 00 00 80 3e 03 75 33 48
0x00007ff8d410f17e:   8b cb e8 eb 23 3b 00 84 c0 0f 85 fd 00 00 00 48
0x00007ff8d410f18e:   8b 05 44 3a 90 00 48 85 c0 74 0f 48 8b d3 48 8d
0x00007ff8d410f19e:   0d 2d c9 6b 00 e8 c8 57 db ff 40 32 ff e9 da 00
0x00007ff8d410f1ae:   00 00 48 8b 46 08 48 85 c0 74 07 48 3b 44 24 40
0x00007ff8d410f1be:   75 0f 48 63 44 24 34 48 39 46 10 0f 84 bb 00 00
0x00007ff8d410f1ce:   00 48 8b 05 02 3a 90 00 40 32 ff 40 38 3d 8c 31
0x00007ff8d410f1de:   91 00 74 2b 48 85 c0 0f 84 9f 00 00 00 48 8b 46
0x00007ff8d410f1ee:   08 48 8d 15 fa c8 6b 00 48 3b 44 24 40 48 8d 0d
0x00007ff8d410f1fe:   06 c9 6b 00 48 0f 45 ca e8 65 57 db ff eb 7d 48 



---------------  P R O C E S S  ---------------

Threads class SMR info:
_java_thread_list=0x00007ff8d49c9b88, length=0, elements={
}

Java Threads: ( => current thread )
Total: 0

Other Threads:
  0x000001dbabb9cbd0 WorkerThread "GC Thread#0"                     [id=14504, stack(0x0000002abd600000,0x0000002abd700000) (1024K)]
  0x000001dbabb9ece0 ConcurrentGCThread "G1 Main Marker"            [id=4612, stack(0x0000002abd700000,0x0000002abd800000) (1024K)]
  0x000001dbabb9f7e0 WorkerThread "G1 Conc#0"                       [id=11988, stack(0x0000002abd800000,0x0000002abd900000) (1024K)]
  0x000001dbabbd6ee0 ConcurrentGCThread "G1 Refine#0"               [id=6928, stack(0x0000002abd900000,0x0000002abda00000) (1024K)]
  0x000001dbabbd7a50 ConcurrentGCThread "G1 Service"                [id=13584, stack(0x0000002abda00000,0x0000002abdb00000) (1024K)]

=>0x000001dba98d0160 (exited) JavaThread "Unknown thread"    [_thread_in_vm, id=14964, stack(0x0000002abd500000,0x0000002abd600000) (1024K)]
Total: 6

Threads with active compile tasks:
Total: 0

VM state: not at safepoint (not fully initialized)

VM Mutex/Monitor currently owned by a thread: None

Heap address: 0x00000000ff000000, size: 16 MB, Compressed Oops mode: 32-bit

CDS archive(s) mapped at: [0x0000000000000000-0x0000000000000000-0x0000000000000000), size 0, SharedBaseAddress: 0x0000000800000000, ArchiveRelocationMode: 1.
Narrow klass base: 0x0000000000000000, Narrow klass shift: 0, Narrow klass range: 0x0

GC Precious Log:
 CardTable entry size: 512
 Card Set container configuration: InlinePtr #cards 5 size 8 Array Of Cards #cards 12 size 40 Howl #buckets 4 coarsen threshold 1843 Howl Bitmap #cards 512 size 80 coarsen threshold 460 Card regions per heap region 1 cards per card region 2048
 CPUs: 8 total, 8 available
 Memory: 16140M
 Large Page Support: Disabled
 NUMA Support: Disabled
 Compressed Oops: Enabled (32-bit)
 Heap Region Size: 1M
 Heap Min Capacity: 8M
 Heap Initial Capacity: 16M
 Heap Max Capacity: 16M
 Pre-touch: Disabled
 Parallel Workers: 8
 Concurrent Workers: 2
 Concurrent Refinement Workers: 8
 Periodic GC: Disabled

Heap:
 garbage-first heap   total 16384K, used 0K [0x00000000ff000000, 0x0000000100000000)
  region size 1024K, 0 young (0K), 0 survivors (0K)

[error occurred during error reporting (printing heap information), id 0xc0000005, EXCEPTION_ACCESS_VIOLATION (0xc0000005) at pc=0x00007ff8d4521be9]
GC Heap History (0 events):
No events

Dll operation events (1 events):
Event: 0.005 Loaded shared library C:\Program Files\Java\jdk-21\bin\java.dll

Deoptimization events (0 events):
No events

Classes loaded (0 events):
No events

Classes unloaded (0 events):
No events

Classes redefined (0 events):
No events

Internal exceptions (0 events):
No events

ZGC Phase Switch (0 events):
No events

VM Operations (0 events):
No events

Events (0 events):
No events


Dynamic libraries:
0x00007ff651b00000 - 0x00007ff651b10000 	C:\Program Files\Java\jdk-21\bin\javaw.exe
0x00007ff998da0000 - 0x00007ff998fa9000 	C:\WINDOWS\SYSTEM32\ntdll.dll
0x00007ff996d80000 - 0x00007ff996e3d000 	C:\WINDOWS\System32\KERNEL32.DLL
0x00007ff996230000 - 0x00007ff9965b4000 	C:\WINDOWS\System32\KERNELBASE.dll
0x00007ff9968f0000 - 0x00007ff996a01000 	C:\WINDOWS\System32\ucrtbase.dll
0x00007ff961530000 - 0x00007ff961549000 	C:\Program Files\Java\jdk-21\bin\jli.dll
0x00007ff997070000 - 0x00007ff99711e000 	C:\WINDOWS\System32\ADVAPI32.dll
0x00007ff996cd0000 - 0x00007ff996d73000 	C:\WINDOWS\System32\msvcrt.dll
0x00007ff997dd0000 - 0x00007ff997e6e000 	C:\WINDOWS\System32\sechost.dll
0x00007ff9977d0000 - 0x00007ff9978f1000 	C:\WINDOWS\System32\RPCRT4.dll
0x00007ff997a80000 - 0x00007ff997c2d000 	C:\WINDOWS\System32\USER32.dll
0x00007ff9965c0000 - 0x00007ff9965e6000 	C:\WINDOWS\System32\win32u.dll
0x00007ff996ca0000 - 0x00007ff996cca000 	C:\WINDOWS\System32\GDI32.dll
0x00007ff996690000 - 0x00007ff9967ae000 	C:\WINDOWS\System32\gdi32full.dll
0x00007ff9965f0000 - 0x00007ff99668d000 	C:\WINDOWS\System32\msvcp_win.dll
0x00007ff95f620000 - 0x00007ff95f63b000 	C:\Program Files\Java\jdk-21\bin\VCRUNTIME140.dll
0x00007ff9771f0000 - 0x00007ff977495000 	C:\WINDOWS\WinSxS\amd64_microsoft.windows.common-controls_6595b64144ccf1df_6.0.22000.120_none_9d947278b86cc467\COMCTL32.dll
0x00007ff98bd60000 - 0x00007ff98bd6a000 	C:\WINDOWS\SYSTEM32\VERSION.dll
0x00007ff997ca0000 - 0x00007ff997cd1000 	C:\WINDOWS\System32\IMM32.DLL
0x00007ff96c030000 - 0x00007ff96c03c000 	C:\Program Files\Java\jdk-21\bin\vcruntime140_1.dll
0x00007ff94e710000 - 0x00007ff94e79e000 	C:\Program Files\Java\jdk-21\bin\msvcp140.dll
0x00007ff8d3e00000 - 0x00007ff8d4b15000 	C:\Program Files\Java\jdk-21\bin\server\jvm.dll
0x00007ff998cf0000 - 0x00007ff998d5f000 	C:\WINDOWS\System32\WS2_32.dll
0x00007ff994b60000 - 0x00007ff994bad000 	C:\WINDOWS\SYSTEM32\POWRPROF.dll
0x00007ff990180000 - 0x00007ff9901b3000 	C:\WINDOWS\SYSTEM32\WINMM.dll
0x00007ff994c60000 - 0x00007ff994c73000 	C:\WINDOWS\SYSTEM32\UMPDC.dll
0x00007ff995390000 - 0x00007ff9953a8000 	C:\WINDOWS\SYSTEM32\kernel.appcore.dll
0x00007ff969090000 - 0x00007ff96909a000 	C:\Program Files\Java\jdk-21\bin\jimage.dll
0x00007ff993ec0000 - 0x00007ff9940e1000 	C:\WINDOWS\SYSTEM32\DBGHELP.DLL
0x00007ff97a970000 - 0x00007ff97a9a1000 	C:\WINDOWS\SYSTEM32\dbgcore.DLL
0x00007ff996870000 - 0x00007ff9968ef000 	C:\WINDOWS\System32\bcryptPrimitives.dll
0x00007ff95d0b0000 - 0x00007ff95d0cf000 	C:\Program Files\Java\jdk-21\bin\java.dll

dbghelp: loaded successfully - version: 4.0.5 - missing functions: none
symbol engine: initialized successfully - sym options: 0x614 - pdb path: .;C:\Program Files\Java\jdk-21\bin;C:\WINDOWS\SYSTEM32;C:\WINDOWS\WinSxS\amd64_microsoft.windows.common-controls_6595b64144ccf1df_6.0.22000.120_none_9d947278b86cc467;C:\Program Files\Java\jdk-21\bin\server

VM Arguments:
jvm_args: -Xmx16m 
java_command: org.eclipse.jdt.internal.launching.support.LibraryDetector
java_class_path (initial): C:\Users\HP\AppData\Roaming\Code\User\globalStorage\redhat.java\1.54.0\config_win\org.eclipse.osgi\57\0\.cp\lib\launchingsupport.jar
Launcher Type: SUN_STANDARD

[Global flags]
     intx CICompilerCount                          = 4                                         {product} {ergonomic}
     uint ConcGCThreads                            = 2                                         {product} {ergonomic}
     uint G1ConcRefinementThreads                  = 8                                         {product} {ergonomic}
   size_t G1HeapRegionSize                         = 1048576                                   {product} {ergonomic}
    uintx GCDrainStackTargetSize                   = 64                                        {product} {ergonomic}
   size_t InitialHeapSize                          = 16777216                                  {product} {ergonomic}
   size_t MarkStackSize                            = 4194304                                   {product} {ergonomic}
   size_t MaxHeapSize                              = 16777216                                  {product} {command line}
   size_t MaxNewSize                               = 9437184                                   {product} {ergonomic}
   size_t MinHeapDeltaBytes                        = 1048576                                   {product} {ergonomic}
   size_t MinHeapSize                              = 8388608                                   {product} {ergonomic}
    uintx NonNMethodCodeHeapSize                   = 5839372                                {pd product} {ergonomic}
    uintx NonProfiledCodeHeapSize                  = 122909434                              {pd product} {ergonomic}
    uintx ProfiledCodeHeapSize                     = 122909434                              {pd product} {ergonomic}
    uintx ReservedCodeCacheSize                    = 251658240                              {pd product} {ergonomic}
     bool SegmentedCodeCache                       = true                                      {product} {ergonomic}
   size_t SoftMaxHeapSize                          = 16777216                               {manageable} {ergonomic}
     bool UseCompressedOops                        = true                           {product lp64_product} {ergonomic}
     bool UseG1GC                                  = true                                      {product} {ergonomic}
     bool UseLargePagesIndividualAllocation        = false                                  {pd product} {ergonomic}

Logging:
Log output configuration:
 #0: stdout all=warning uptime,level,tags foldmultilines=false
 #1: stderr all=off uptime,level,tags foldmultilines=false

Environment Variables:
JAVA_HOME=C:\Program Files\Java\jdk-21
PATH=C:\oraclexe\app\oracle\product\11.2.0\server\bin;C:\Program Files (x86)\Common Files\Intel\Shared Libraries\redist\intel64\compiler;C:\Program Files\Common Files\Oracle\Java\javapath;C:\Program Files (x86)\Common Files\Oracle\Java\javapath;C:\oraclexe\app\oracle\product\11.2.0\server\bin;C:\WINDOWS\system32;C:\WINDOWS;C:\WINDOWS\System32\Wbem;C:\WINDOWS\System32\WindowsPowerShell\v1.0\;C:\WINDOWS\System32\OpenSSH\;C:\Program Files (x86)\MATLAB\R2009a\bin;C:\Program Files (x86)\MATLAB\R2009a\bin\win32;C:\ProgramData\chocolatey\bin;C:\Program Files\Java\jdk-21\bin;D:\Program Files\Nox;C:\WebDriver\chromedriver-win64;D:\afcs\symfony;C:\xampp\php;C:\ProgramData\ComposerSetup\bin;C:\Users\HP\Desktop\apache-maven-3.9.9;C:\Users\HP\AppData\Local\nvm;C:\nvm4w\nodejs;C:\Users\HP\.jdks\jbr-17.0.14;C:\Program Files\nodejs\;C:\Program Files\Microsoft SQL Server\170\Tools\Binn\;C:\Program Files\dotnet\;C:\Users\HP\AppData\Local\Programs\Python\Python313\Scripts\;C:\Users\HP\AppData\Local\Programs\Python\Python313\;C:\Users\HP\scoop\shims;C:\Users\HP\AppData\Local\Programs\Python\Python312\Scripts\;C:\Users\HP\AppData\Local\Programs\Python\Python312\;C:\Program Files\MySQL\MySQL Shell 8.0\bin\;C:\Users\HP\AppData\Local\Microsoft\WindowsApps;C:\Program Files\Azure Data Studio\bin;C:\Users\HP\AppData\Local\Programs\Microsoft VS Code\bin;C:\Users\HP\Desktop\php;C:\Users\HP\AppData\Local\JetBrains\Toolbox\scripts;D:\Program Files\Nox;C:\adb;C:\Program Files\JetBrains\IntelliJ IDEA Community Edition 2024.1.1\bin;;C:\Users\HP\AppData\Roaming\Composer\vendor\bin;C:\Users\HP\AppData\Local\nvm;C:\nvm4w\nodejs;C:\Users\HP\AppData\Roaming\npm;C:\Users\HP\AppData\Local\Python\bin;C:\Users\HP\.dotnet\tools
USERNAME=HP
OS=Windows_NT
PROCESSOR_IDENTIFIER=Intel64 Family 6 Model 140 Stepping 1, GenuineIntel
TMP=C:\Users\HP\AppData\Local\Temp
TEMP=C:\Users\HP\AppData\Local\Temp




Periodic native trim disabled

---------------  S Y S T E M  ---------------

OS:
 Windows 11 , 64 bit Build 22000 (10.0.22000.2538)
OS uptime: 0 days 1:23 hours
Hyper-V role detected

CPU: total 8 (initial active 8) (4 cores per cpu, 2 threads per core) family 6 model 140 stepping 1 microcode 0x86, cx8, cmov, fxsr, ht, mmx, 3dnowpref, sse, sse2, sse3, ssse3, sse4.1, sse4.2, popcnt, lzcnt, tsc, tscinvbit, avx, avx2, aes, erms, clmul, bmi1, bmi2, adx, avx512f, avx512dq, avx512cd, avx512bw, avx512vl, sha, fma, vzeroupper, avx512_vpopcntdq, avx512_vpclmulqdq, avx512_vaes, avx512_vnni, clflush, clflushopt, clwb, avx512_vbmi2, avx512_vbmi, hv, rdtscp, rdpid, fsrm, gfni, avx512_bitalg, f16c, cet_ibt, cet_ss, avx512_ifma
Processor Information for all 8 processors :
  Max Mhz: 2419, Current Mhz: 2419, Mhz Limit: 2419

Memory: 4k page, system-wide physical 16140M (4874M free)
TotalPageFile size 21516M (AvailPageFile size 5791M)
current process WorkingSet (physical memory assigned to process): 23M, peak: 23M
current process commit charge ("private bytes"): 88M, peak: 88M

vm_info: Java HotSpot(TM) 64-Bit Server VM (21.0.1+12-LTS-29) for windows-amd64 JRE (21.0.1+12-LTS-29), built on 2023-10-05T13:27:09Z by "mach5one" with MS VC++ 17.1 (VS2022)

END.
